00:00.438  reports          | WARNING Unable to open 'C:\Users\vincent.ganachaud\AppData\Roaming\Blender Foundation\Blender\5.2\config\userpref.blend': Permission denied
Blender 5.2.1 LTS (hash 9e2066aef7ef built 2026-08-25 02:38:20)
E:\Project_Phoenix\ThePixelPool\3D\Numen_1_Helmet\build_shell_v4.py:10: DeprecationWarning: 'Material.use_nodes' is expected to be removed in Blender 6.0
  mat=bpy.data.materials.new('Neutral clay');mat.diffuse_color=(.66,.68,.70,1);mat.use_nodes=True
INFO Draco is available, use library at C:\Program Files\Blender Foundation\Blender 5.2\5.2\scripts\addons_core\io_scene_gltf2\bf_intern_draco_bridge.dll
INFO MeshOptimizer is available, use library at C:\Program Files\Blender Foundation\Blender 5.2\5.2\scripts\addons_core\io_scene_gltf2\bf_intern_meshopt_bridge.dll
16:43:06 | INFO: Starting glTF 2.0 export
16:43:06 | INFO: Extracting primitive: 01 Cranial shell | extended rear, high rim
16:43:07 | INFO: Primitives created: 1
16:43:07 | INFO: Extracting primitive: 02 Face shield | pointed chin and swept temples
16:43:07 | INFO: Primitives created: 1
16:43:07 | INFO: Extracting primitive: 03 Left cheek shell
16:43:07 | INFO: Primitives created: 1
16:43:07 | INFO: Extracting primitive: 04 Right cheek shell
16:43:07 | INFO: Primitives created: 1
16:43:07 | INFO: Finished glTF 2.0 export in 0.563356876373291 s

16:43:07 | INFO: Starting glTF 2.0 export
16:43:07 | INFO: Extracting primitive: 01 Cranial shell | extended rear, high rim
16:43:07 | INFO: Primitives created: 1
16:43:07 | INFO: Finished glTF 2.0 export in 0.18210315704345703 s

16:43:07 | INFO: Starting glTF 2.0 export
16:43:07 | INFO: Extracting primitive: 02 Face shield | pointed chin and swept temples
16:43:07 | INFO: Primitives created: 1
16:43:07 | INFO: Finished glTF 2.0 export in 0.08030819892883301 s

16:43:07 | INFO: Starting glTF 2.0 export
16:43:07 | INFO: Extracting primitive: 03 Left cheek shell
16:43:07 | INFO: Primitives created: 1
16:43:07 | INFO: Finished glTF 2.0 export in 0.04738640785217285 s

16:43:07 | INFO: Starting glTF 2.0 export
16:43:07 | INFO: Extracting primitive: 04 Right cheek shell
16:43:07 | INFO: Primitives created: 1
16:43:07 | INFO: Finished glTF 2.0 export in 0.05956292152404785 s
E:\Project_Phoenix\ThePixelPool\3D\Numen_1_Helmet\build_shell_v4.py:124: DeprecationWarning: 'Material.use_nodes' is expected to be removed in Blender 6.0
  m=bpy.data.materials.new('Reference '+name);m.use_nodes=True;nodes=m.node_tree.nodes;nodes.clear()
E:\Project_Phoenix\ThePixelPool\3D\Numen_1_Helmet\build_shell_v4.py:134: DeprecationWarning: 'World.use_nodes' is expected to be removed in Blender 6.0
  scene.world.use_nodes=True;bg=scene.world.node_tree.nodes.get('Background');bg.inputs[0].default_value=(.075,.08,.09,1);bg.inputs[1].default_value=.6
00:16.782  reports          | WARNING Path 'C:\Program Files\Blender Foundation\Blender 5.2\5.2\datafiles\assets\brushes\essentials_brushes-gp_draw.blend' cannot be made relative for Material 'Dots Stroke'
00:16.782  reports          | WARNING Path 'C:\Program Files\Blender Foundation\Blender 5.2\5.2\datafiles\assets\brushes\essentials_brushes-gp_draw.blend' cannot be made relative for Material 'Material'
00:16.875  image.write      | ERROR OpenImageIO write failed: Could not open file "\.thumbnails\large\blender_28684_c36ce41346c271bfa9cdc0e3f9ced742.png.png"
00:34.188  render           | Saved: 'E:\Project_Phoenix\ThePixelPool\3D\Numen_1_Helmet\shell-v4\shell-three-quarter.png'
01:00:43.235  render           | Saved: 'E:\Project_Phoenix\ThePixelPool\3D\Numen_1_Helmet\shell-v4\shell-front.png'
01:00:50.532  render           | Saved: 'E:\Project_Phoenix\ThePixelPool\3D\Numen_1_Helmet\shell-v4\shell-side.png'
41:17:20.985  render           | Saved: 'E:\Project_Phoenix\ThePixelPool\3D\Numen_1_Helmet\shell-v4\shell-back.png'
E:\Project_Phoenix\ThePixelPool\3D\Numen_1_Helmet\build_shell_v4.py:147: DeprecationWarning: 'Material.use_nodes' is expected to be removed in Blender 6.0
  wire=bpy.data.materials.new('Comparison coral');wire.diffuse_color=(1,.10,.035,1);wire.use_nodes=True
41:17:29.172  render           | Saved: 'E:\Project_Phoenix\ThePixelPool\3D\Numen_1_Helmet\shell-v4\blueprint-comparison-front.png'
41:17:36.829  render           | Saved: 'E:\Project_Phoenix\ThePixelPool\3D\Numen_1_Helmet\shell-v4\blueprint-comparison-side.png'
41:17:45.094  render           | Saved: 'E:\Project_Phoenix\ThePixelPool\3D\Numen_1_Helmet\shell-v4\blueprint-comparison-back.png'

Info: Saved as "Numen_1_helmet_shell_v4.blend"
SHELL COMPLETE {'mesh_parts': 4, 'polygons': 21709, 'triangles': 43128}

Blender quit
